
============================================================================
python-semver @ fdec4ae1  fix(next_version): reset prerelease when token changes (#339
============================================================================
  src/semver/version.py  Version.next_version  (4 changed lines)
  2 mutations on changed lines, 4 rejected
  [SURVIVED] L488 swallowed_failure    'build=None' -> 'build=version.build'
  -> 1 killed, 1 survived
  [unproven/3] L488 swallowed_failure — blocked on rule 1,5

============================================================================
python-semver @ d8813b67  Fix #460 Improve bump_prerelease to alway get a newer versio
============================================================================
  src/semver/version.py  Version.next_version  (2 changed lines)
  6 mutations on changed lines
  [gate1] dropped_guard          does not parse: invalid syntax at line 484
  [gate1] state_leakage          does not parse: invalid syntax at line 484
  [gate1] argument_transposition does not parse: positional argument follows keyword 
  -> 3 killed, 0 survived

============================================================================
cachetools @ dd181c5a  Reject negative maxsize in Cache.__init__
============================================================================
  src/cachetools/__init__.py  Cache.__init__  (2 changed lines)
  1 mutations on changed lines, 5 rejected
  -> 1 killed, 0 survived

============================================================================
cachetools @ 39b31bc9  Fix #405: Fix Cache.__setitem__ over-evicting when growing a
============================================================================
  src/cachetools/__init__.py  Cache.__setitem__  (8 changed lines)
  6 mutations on changed lines
  [SURVIVED] L82 dropped_guard        'if' -> 'elif'
  [gate1] dropped_guard          does not parse: invalid syntax at line 90
  -> 4 killed, 1 survived
  [unproven/3] L82 dropped_guard — blocked on rule 3+4

============================================================================
packaging @ 053c8846  tags: add interpreter_abi (#611)
============================================================================
  src/packaging/tags.py  interpreter_abi  (10 changed lines)
  6 mutations on changed lines
  [gate1] numeric_type           changes only annotations or other non-executed code
  [SURVIVED] L972 boundary_drift       '[:2]' -> '[:3]'
  [gate1] swallowed_failure      does not parse: unmatched ')' at line 973
  -> 3 killed, 1 survived
  [unproven/3] L972 boundary_drift — blocked on rule 2

============================================================================
packaging @ 55cbf1b9  fix(ranges): stop unbounded bounds sorting above each other 
============================================================================
  src/packaging/_ranges.py  UpperBound.__init__  (4 changed lines)
  2 mutations on changed lines, 4 rejected
  -> 2 killed, 0 survived


============================================================================
PHASE 1b — DIFF-SCOPED
============================================================================
repo           commit     mut kill surv proven   time
----------------------------------------------------------------------------
python-semver  fdec4ae1     2    1    1      0     6s
python-semver  d8813b67     3    3    0      0     3s
cachetools     dd181c5a     1    1    0      0    34s
cachetools     39b31bc9     5    4    1      0   292s
packaging      053c8846     4    3    1      0   214s
packaging      55cbf1b9     2    2    0      0   799s
----------------------------------------------------------------------------
               TOTAL       17   14    3      0

  PROOF-TEST GATE PASS RATE: 0/3 = 0%
  survival rate on changed lines: 3/17 = 18%   (Phase 1 on mature internals: 10%)
  spend this run: $0.2629

spend $0.8254 over 118 billed calls (14 served from cache)
  NVIDIA-Nemotron-3-Nano-30B-A3B        24 calls    17420 in  201223 out  $0.0411
  nemotron-3-super-120b-a12b            94 calls  1764093 in  457662 out  $0.7843

  written: phase1b-20260912-120945.json
